exports[`test Business renders 1`] = `
<div>
  loading
</div>
`;

exports[`test test 2 1`] = `
<div>
  loading
</div>
`;
