exports[`test test 1 1`] = `
<div>
  loading
</div>
`;
